Microchip MPLAB XC8 Compiler V3.00

Linker command line:

-W-3 --edf=/opt/microchip/xc8/v3.00/pic/dat/20241204225717_en.msgs -cn \
  -h+dist/default/production/keyboard16F1455.X.production.sym \
  --cmf=dist/default/production/keyboard16F1455.X.production.cmf -z \
  -Q16F1455 -o/tmp/xcXLKPCap/driver_tmp_3.o --defsym=__MPLAB_BUILD=1 \
  --fixupoverflow=error \
  -Mdist/default/production/keyboard16F1455.X.production.map \
  --md=/tmp/xcXLKPCap/driver_tmp_0.dat -E1 -ver=XC8 Compiler \
  -ACODE=00h-07FFhx4 -ASTRCODE=00h-01FFFh -ASTRING=00h-0FFhx32 \
  -ACONST=00h-0FFhx32 -AENTRY=00h-0FFhx32 -ACOMMON=070h-07Fh \
  -ABANK0=020h-06Fh -ABANK1=0A0h-0EFh -ABANK2=0120h-016Fh \
  -ABANK3=01A0h-01EFh -ABANK4=0220h-026Fh -ABANK5=02A0h-02EFh \
  -ABANK6=0320h-036Fh -ABANK7=03A0h-03EFh -ABANK8=0420h-046Fh \
  -ABANK9=04A0h-04EFh -ABANK10=0520h-056Fh -ABANK11=05A0h-05EFh \
  -ABANK12=0620h-064Fh -ABIGRAM=02000h-023EFh \
  -ARAM=020h-06Fh,0A0h-0EFh,0120h-016Fh,01A0h-01EFh,0220h-026Fh,02A0h-02EFh,0320h-036Fh,03A0h-03EFh,0420h-046Fh,04A0h-04EFh,0520h-056Fh,05A0h-05EFh,0620h-064Fh \
  -AABS1=020h-07Fh,0A0h-0EFh,0120h-016Fh,01A0h-01EFh,0220h-026Fh,02A0h-02EFh,0320h-036Fh,03A0h-03EFh,0420h-046Fh,04A0h-04EFh,0520h-056Fh,05A0h-05EFh,0620h-064Fh \
  -ASFR0=00h-01Fh -ASFR1=080h-09Fh -ASFR2=0100h-011Fh -ASFR3=0180h-019Fh \
  -ASFR4=0200h-021Fh -ASFR5=0280h-029Fh -ASFR6=0300h-031Fh \
  -ASFR7=0380h-039Fh -ASFR8=0400h-041Fh -ASFR9=0480h-049Fh \
  -ASFR10=0500h-051Fh -ASFR11=0580h-059Fh -ASFR12=0600h-061Fh \
  -ASFR13=0680h-06EFh -ASFR14=0700h-076Fh -ASFR15=0780h-07EFh \
  -ASFR16=0800h-086Fh -ASFR17=0880h-08EFh -ASFR18=0900h-096Fh \
  -ASFR19=0980h-09EFh -ASFR20=0A00h-0A6Fh -ASFR21=0A80h-0AEFh \
  -ASFR22=0B00h-0B6Fh -ASFR23=0B80h-0BEFh -ASFR24=0C00h-0C6Fh \
  -ASFR25=0C80h-0CEFh -ASFR26=0D00h-0D6Fh -ASFR27=0D80h-0DEFh \
  -ASFR28=0E00h-0E6Fh -ASFR29=0E80h-0EEFh -ASFR30=0F00h-0F6Fh \
  -ASFR31=0F80h-0FEFh -ACONFIG=08007h-08008h -DCONFIG=2 \
  -AIDLOC=08000h-08003h -DIDLOC=2 -DCODE=2 -DSTRCODE=2 -DSTRING=2 -DCONST=2 \
  -DENTRY=2 -preset_vec=00h,intentry=04h,sivt,init,end_init -ppowerup=CODE \
  -pcinit=CODE -pfunctab=ENTRY -k /tmp/xcXLKPCap/driver_tmp_12.o \
  dist/default/production/keyboard16F1455.X.production.o 

Object code version is 3.11

Machine type is 16F1455



                Name                               Link     Load   Length Selector   Space Scale
/tmp/xcXLKPCap/driver_tmp_12.o
                end_init                             10       10        2        8       0
                reset_vec                             0        0        2        0       0
                config                             8007     8007        2        0       4
dist/default/production/keyboard16F1455.X.production.o
                cinit                                12       12       1D        8       0
                intentry                              4        4        C        8       0
                config                             8007     8007        2        0       4
                text32                              744      744        C      E0A       0
                text31                              684      684       1B      C2E       0
                text30                              596      596       2E      AAE       0
                text29                              29B      29B       66        8       0
                text28                               2F       2F       8E        8       0
                text27                              3C5      3C5       5E        8       0
                text26                              363      363       62        8       0
                text25                              6E0      6E0       13      D6E       0
                text24                              1C0      1C0       6E        8       0
                text23                              22E      22E       6D        8       0
                text22                               BD       BD       83        8       0
                text21                              423      423       58        8       0
                text20                              301      301       62        8       0
                text19                              738      738        C      E0A       0
                text18                              77E      77E        3      EF4       0
                text17                              770      770        6      EC8       0
                text16                              76A      76A        6      EC8       0
                text15                              140      140       80        8       0
                text13                              750      750        8      E0A       0
                text12                              6B7      6B7       15      D6E       0
                text11                              663      663       21      C2E       0
                text10                              77A      77A        4      EF4       0
                text9                               728      728       10      E0A       0
                text8                               640      640       23      C2E       0
                text7                               781      781        1      EF4       0
                text6                               6CC      6CC       14      D6E       0
                text5                               4CA      4CA       4E        8       0
                text4                               717      717       11      E0A       0
                text3                               47B      47B       4F        8       0
                text2                               617      617       29      C2E       0
                text1                               557      557       3F      AAE       0
                maintext                            705      705       12      E0A       0
                cstackBANK0                          6A       6A        5       30       1
                cstackCOMMON                         70       70        D       70       1
                clrtext                             764      764        6      EC8       0
                dataBANK0                            64       64        6       30       1
                bssBANK0                             30       30       34       30       1
                bssCOMMON                            7D       7D        1       70       1
                stringtext7                         776      776        4      EEC       0
                stringtext6                         6F3      6F3       12      DE6       0
                stringtext5                         69F      69F       18      D3E       0
                stringtext4                         5EE      5EE       29      B88       0
                stringtext3                         5C4      5C4       2A      B88       0
                stringtext2                         518      518       3F      A30       0
                stringtext1                         75E      75E        6      EBC       0
                idataBANK0                          758      758        6      E0A       0

TOTAL           Name                               Link     Load   Length     Space
        CLASS   CODE           
                end_init                             10       10        2         0
                cinit                                12       12       1D         0
                intentry                              4        4        C         0
                reset_vec                             0        0        2         0
                text32                              744      744        C         0
                text31                              684      684       1B         0
                text30                              596      596       2E         0
                text29                              29B      29B       66         0
                text28                               2F       2F       8E         0
                text27                              3C5      3C5       5E         0
                text26                              363      363       62         0
                text25                              6E0      6E0       13         0
                text24                              1C0      1C0       6E         0
                text23                              22E      22E       6D         0
                text22                               BD       BD       83         0
                text21                              423      423       58         0
                text20                              301      301       62         0
                text19                              738      738        C         0
                text18                              77E      77E        3         0
                text17                              770      770        6         0
                text16                              76A      76A        6         0
                text15                              140      140       80         0
                text13                              750      750        8         0
                text12                              6B7      6B7       15         0
                text11                              663      663       21         0
                text10                              77A      77A        4         0
                text9                               728      728       10         0
                text8                               640      640       23         0
                text7                               781      781        1         0
                text6                               6CC      6CC       14         0
                text5                               4CA      4CA       4E         0
                text4                               717      717       11         0
                text3                               47B      47B       4F         0
                text2                               617      617       29         0
                text1                               557      557       3F         0
                maintext                            705      705       12         0
                clrtext                             764      764        6         0
                idataBANK0                          758      758        6         0

        CLASS   STRCODE        
                stringtext7                         776      776        4         0
                stringtext6                         6F3      6F3       12         0
                stringtext5                         69F      69F       18         0
                stringtext4                         5EE      5EE       29         0
                stringtext3                         5C4      5C4       2A         0
                stringtext2                         518      518       3F         0
                stringtext1                         75E      75E        6         0

        CLASS   STRING         

        CLASS   CONST          

        CLASS   ENTRY          

        CLASS   COMMON         
                cstackCOMMON                         70       70        D         1
                bssCOMMON                            7D       7D        1         1

        CLASS   BANK0          
                cstackBANK0                          6A       6A        5         1
                dataBANK0                            64       64        6         1
                bssBANK0                             30       30       34         1

        CLASS   BANK1          

        CLASS   BANK2          

        CLASS   BANK3          

        CLASS   BANK4          

        CLASS   BANK5          

        CLASS   BANK6          

        CLASS   BANK7          

        CLASS   BANK8          

        CLASS   BANK9          

        CLASS   BANK10         

        CLASS   BANK11         

        CLASS   BANK12         

        CLASS   BIGRAM         

        CLASS   RAM            

        CLASS   ABS1           
                abs_s1                               20       20       10         1
                abs_s1                               7E       7E        2         1

        CLASS   SFR0           

        CLASS   SFR1           

        CLASS   SFR2           

        CLASS   SFR3           

        CLASS   SFR4           

        CLASS   SFR5           

        CLASS   SFR6           

        CLASS   SFR7           

        CLASS   SFR8           

        CLASS   SFR9           

        CLASS   SFR10          

        CLASS   SFR11          

        CLASS   SFR12          

        CLASS   SFR13          

        CLASS   SFR14          

        CLASS   SFR15          

        CLASS   SFR16          

        CLASS   SFR17          

        CLASS   SFR18          

        CLASS   SFR19          

        CLASS   SFR20          

        CLASS   SFR21          

        CLASS   SFR22          

        CLASS   SFR23          

        CLASS   SFR24          

        CLASS   SFR25          

        CLASS   SFR26          

        CLASS   SFR27          

        CLASS   SFR28          

        CLASS   SFR29          

        CLASS   SFR30          

        CLASS   SFR31          

        CLASS   CONFIG         
                config                             8007     8007        2         4

        CLASS   IDLOC          

        CLASS   BANK31         

        CLASS   BANK30         

        CLASS   BANK29         

        CLASS   BANK28         

        CLASS   BANK27         

        CLASS   BANK26         

        CLASS   BANK25         

        CLASS   BANK24         

        CLASS   BANK23         

        CLASS   BANK22         

        CLASS   BANK21         

        CLASS   BANK20         

        CLASS   BANK19         

        CLASS   BANK18         

        CLASS   BANK17         

        CLASS   BANK16         

        CLASS   BANK15         

        CLASS   BANK14         

        CLASS   BANK13         

        CLASS   HEAP           

        CLASS   STACK          

        CLASS   EEDATA         



SEGMENTS        Name                           Load    Length   Top    Selector   Space  Class     Delta

                text2                          000617  000088  00069F       C2E       0  CODE        2
                stringtext5                    00069F  000018  0006B7       D3E       0  STRCODE     2
                stringtext3                    0005C4  000053  000617       B88       0  STRCODE     2
                stringtext2                    000518  00003F  000557       A30       0  STRCODE     2
                text1                          000557  00006D  0005C4       AAE       0  CODE        2
                stringtext1                    00075E  000006  000764       EBC       0  STRCODE     2
                maintext                       000705  000059  00075E       E0A       0  CODE        2
                text12                         0006B7  00003C  0006F3       D6E       0  CODE        2
                stringtext6                    0006F3  000012  000705       DE6       0  STRCODE     2
                text10                         00077A  000008  000782       EF4       0  CODE        2
                reset_vec                      000000  000002  000002         0       0  CODE        2
                stringtext7                    000776  000004  00077A       EEC       0  STRCODE     2
                clrtext                        000764  000012  000776       EC8       0  CODE        2
                cstackCOMMON                   000070  00000E  00007E        70       1  COMMON      1
                intentry                       000004  000514  000518         8       0  CODE        2
                bssBANK0                       000030  00003F  00006F        30       1  BANK0       1


UNUSED ADDRESS RANGES

        Name                Unused          Largest block    Delta
        BANK0            0006F-0006F               1           1
        BANK1            000A0-000EF              50           1
        BANK10           00520-0056F              50           1
        BANK11           005A0-005EF              50           1
        BANK12           00620-0064F              30           1
        BANK2            00120-0016F              50           1
        BANK3            001A0-001EF              50           1
        BANK4            00220-0026F              50           1
        BANK5            002A0-002EF              50           1
        BANK6            00320-0036F              50           1
        BANK7            003A0-003EF              50           1
        BANK8            00420-0046F              50           1
        BANK9            004A0-004EF              50           1
        BIGRAM           02000-023EF             3F0           1
        CODE             00002-00003               2           2
                         00782-01FFF             800
        CONST            00002-00003               2           2
                         00782-01FFF             100
        ENTRY            00002-00003               2           2
                         00782-01FFF             100
        IDLOC            08000-08003               4           2
        RAM              0006F-0006F               1           1
                         000A0-000EF              50
                         00120-0016F              50
                         001A0-001EF              50
                         00220-0026F              50
                         002A0-002EF              50
                         00320-0036F              50
                         003A0-003EF              50
                         00420-0046F              50
                         004A0-004EF              50
                         00520-0056F              50
                         005A0-005EF              50
                         00620-0064F              30
        SFR0             00000-0001F              20           1
        SFR1             00080-0009F              20           1
        SFR10            00500-0051F              20           1
        SFR11            00580-0059F              20           1
        SFR12            00600-0061F              20           1
        SFR13            00680-006EF              70           1
        SFR14            00700-0076F              70           1
        SFR15            00780-007EF              70           1
        SFR16            00800-0086F              70           1
        SFR17            00880-008EF              70           1
        SFR18            00900-0096F              70           1
        SFR19            00980-009EF              70           1
        SFR2             00100-0011F              20           1
        SFR20            00A00-00A6F              70           1
        SFR21            00A80-00AEF              70           1
        SFR22            00B00-00B6F              70           1
        SFR23            00B80-00BEF              70           1
        SFR24            00C00-00C6F              70           1
        SFR25            00C80-00CEF              70           1
        SFR26            00D00-00D6F              70           1
        SFR27            00D80-00DEF              70           1
        SFR28            00E00-00E6F              70           1
        SFR29            00E80-00EEF              70           1
        SFR3             00180-0019F              20           1
        SFR30            00F00-00F6F              70           1
        SFR31            00F80-00FEF              70           1
        SFR4             00200-0021F              20           1
        SFR5             00280-0029F              20           1
        SFR6             00300-0031F              20           1
        SFR7             00380-0039F              20           1
        SFR8             00400-0041F              20           1
        SFR9             00480-0049F              20           1
        STRCODE          00002-00003               2           2
                         00782-01FFF            187E
        STRING           00002-00003               2           2
                         00782-01FFF             100

                                  Symbol Table

GetDescriptor@descriptorIndex     cstackCOMMON 00073
GetDescriptor@descriptorType      cstackCOMMON 00074
GetStatus@endpointDir             cstackCOMMON 00077
GetStatus@endpointNum             cstackCOMMON 00076
GetStatus@recipient               cstackCOMMON 00078
HIDInitEndpoints@i                cstackCOMMON 00074
HIDSend@InterfaceNo               cstackBANK0  0006E
InDataStage@bufferSize            cstackCOMMON 00072
InDataStage@i                     cstackCOMMON 00071
IsUsbDataAvaialble@InterfaceNo    cstackBANK0  0006B
OutDataStage@bufferSize           cstackCOMMON 00073
OutDataStage@i                    cstackCOMMON 00071
PrepareTxBuffer@i                 cstackBANK0  0006A
ProcessControlTransfer@PID        cstackCOMMON 0007C
ProcessHIDRequest@bRequest        cstackCOMMON 00072
ProcessHIDRequest@descriptorType  cstackCOMMON 00071
ProcessStandardRequest@request    cstackCOMMON 0007A
ReArmInterface@InterfaceNo        cstackBANK0  0006E
SetFeature@endpointDir            cstackCOMMON 00079
SetFeature@endpointNum            cstackCOMMON 00078
SetFeature@feature                cstackCOMMON 00077
SetFeature@recipient              cstackCOMMON 00076
_ACTCON                           (abs)        0039B
_ANSELA                           (abs)        0018C
_ANSELC                           (abs)        0018E
_Buffers                          dataBANK0    00064
_BusReset                         text31       00684
_Button1Status                    bssBANK0     0003F
_Button2Status                    bssBANK0     0003E
_CheckUsb                         text4        00717
_ConfigurationDescriptor          stringtext4  005EE
_ControlTransferBuffer            bssBANK0     00049
_CtrlTransferStage                bssBANK0     0003A
_CurrentConfiguration             bssBANK0     00063
_DeviceAddress                    bssBANK0     0003C
_DeviceDescriptor                 stringtext6  006F3
_DeviceState                      bssCOMMON    0007D
_EnableInterrupts                 text13       00750
_EnableUSBModule                  text12       006B7
_EndpointFlags                    (abs)        00E99
_GetDescriptor                    text27       003C5
_GetStatus                        text26       00363
_HIDInitEndpoints                 text24       001C0
_HIDPostProcess                   bssBANK0     00039
_HIDReport                        stringtext2  00518
_HIDRxBuffer                      bssBANK0     00059
_HIDSend                          text3        0047B
_HIDTxBuffer                      bssBANK0     00051
_HidIdleRate                      bssBANK0     00062
_HidProtocol                      bssBANK0     00061
_HidRxLen                         bssBANK0     00037
_INTCONbits                       (abs)        0000B
_ISRCode                          intentry     00004
_InDataStage                      text29       0029B
_InitializeSystem                 text11       00663
_InitializeUSB                    text9        00728
_Interfaces                       (abs)        00020
_IsUsbDataAvaialble               text8        00640
_LATCbits                         (abs)        0010E
_OPTION_REG                       (abs)        00095
_OPTION_REGbits                   (abs)        00095
_OSCCON                           (abs)        00099
_OSCTUNE                          (abs)        00098
_OutDataStage                     text30       00596
_PIE2bits                         (abs)        00092
_PIR2bits                         (abs)        00012
_PORTAbits                        (abs)        0000C
_PrepareTxBuffer                  text2        00617
_ProcessControlTransfer           text20       00301
_ProcessHIDRequest                text28       0002F
_ProcessIO                        text1        00557
_ProcessIncommingData             text7        00781
_ProcessStandardRequest           text22       000BD
_ProcessUSBTransactions           text15       00140
_ROMoutPtr                        bssBANK0     00032
_ReArmInterface                   text5        004CA
_RemoteWakeup                     bssBANK0     0003D
_RequestHandled                   bssBANK0     00038
_ResetPPBuffers                   text10       0077A
_SelfPowered                      bssBANK0     0003B
_SetFeature                       text23       0022E
_SetupPacket                      bssBANK0     00040
_SetupStage                       text21       00423
_Stall                            text19       00738
_StartOfFrame                     text18       0077E
_StringDescriptor0                stringtext7  00776
_StringDescriptor1                stringtext5  0069F
_StringDescriptor2                stringtext3  005C4
_StringDescriptorPointers         stringtext1  0075E
_Suspend                          text17       00770
_TRISAbits                        (abs)        0008C
_TRISCbits                        (abs)        0008E
_UADDR                            (abs)        00E96
_UCFG                             (abs)        00E91
_UCON                             (abs)        00E8E
_UCONbits                         (abs)        00E8E
_UEIE                             (abs)        00E97
_UEIR                             (abs)        00E93
_UEP0                             (abs)        00E98
_UEP0bits                         (abs)        00E98
_UIE                              (abs)        00E92
_UIEbits                          (abs)        00E92
_UIR                              (abs)        00E90
_UIRbits                          (abs)        00E90
_USTAT                            (abs)        00E8F
_UnSuspend                        text16       0076A
_WPUAbits                         (abs)        0020C
_WaitForSetupStage                text32       00744
__H__absolute__                   __absolute__ 00000
__Habs1                           abs1         00000
__Hbank0                          bank0        00000
__Hbank1                          bank1        00000
__Hbank10                         bank10       00000
__Hbank11                         bank11       00000
__Hbank12                         bank12       00000
__Hbank13                         bank13       00000
__Hbank14                         bank14       00000
__Hbank15                         bank15       00000
__Hbank16                         bank16       00000
__Hbank17                         bank17       00000
__Hbank18                         bank18       00000
__Hbank19                         bank19       00000
__Hbank2                          bank2        00000
__Hbank20                         bank20       00000
__Hbank21                         bank21       00000
__Hbank22                         bank22       00000
__Hbank23                         bank23       00000
__Hbank24                         bank24       00000
__Hbank25                         bank25       00000
__Hbank26                         bank26       00000
__Hbank27                         bank27       00000
__Hbank28                         bank28       00000
__Hbank29                         bank29       00000
__Hbank3                          bank3        00000
__Hbank30                         bank30       00000
__Hbank31                         bank31       00000
__Hbank4                          bank4        00000
__Hbank5                          bank5        00000
__Hbank6                          bank6        00000
__Hbank7                          bank7        00000
__Hbank8                          bank8        00000
__Hbank9                          bank9        00000
__Hbigram                         bigram       00000
__HbssBANK0                       bssBANK0     00000
__HbssCOMMON                      bssCOMMON    00000
__Hcinit                          cinit        0002F
__Hclrtext                        clrtext      00000
__Hcode                           code         00000
__Hcommon                         common       00000
__Hconfig                         config       08009
__HcstackBANK0                    cstackBANK0  00000
__HcstackCOMMON                   cstackCOMMON 00000
__HdataBANK0                      dataBANK0    00000
__Heeprom_data                    eeprom_data  00000
__Hend_init                       end_init     00012
__Hfunctab                        functab      00000
__Hheap                           heap         00000
__HidataBANK0                     idataBANK0   00000
__Hinit                           init         00010
__Hintentry                       intentry     00010
__Hmaintext                       maintext     00000
__Hpowerup                        powerup      00000
__Hram                            ram          00000
__Hreset_vec                      reset_vec    00002
__Hsfr0                           sfr0         00000
__Hsfr1                           sfr1         00000
__Hsfr10                          sfr10        00000
__Hsfr11                          sfr11        00000
__Hsfr12                          sfr12        00000
__Hsfr13                          sfr13        00000
__Hsfr14                          sfr14        00000
__Hsfr15                          sfr15        00000
__Hsfr16                          sfr16        00000
__Hsfr17                          sfr17        00000
__Hsfr18                          sfr18        00000
__Hsfr19                          sfr19        00000
__Hsfr2                           sfr2         00000
__Hsfr20                          sfr20        00000
__Hsfr21                          sfr21        00000
__Hsfr22                          sfr22        00000
__Hsfr23                          sfr23        00000
__Hsfr24                          sfr24        00000
__Hsfr25                          sfr25        00000
__Hsfr26                          sfr26        00000
__Hsfr27                          sfr27        00000
__Hsfr28                          sfr28        00000
__Hsfr29                          sfr29        00000
__Hsfr3                           sfr3         00000
__Hsfr30                          sfr30        00000
__Hsfr31                          sfr31        00000
__Hsfr4                           sfr4         00000
__Hsfr5                           sfr5         00000
__Hsfr6                           sfr6         00000
__Hsfr7                           sfr7         00000
__Hsfr8                           sfr8         00000
__Hsfr9                           sfr9         00000
__Hsivt                           sivt         00010
__Hspace_0                        (abs)        00782
__Hspace_1                        (abs)        0007E
__Hspace_2                        (abs)        00000
__Hspace_3                        (abs)        00000
__Hspace_4                        (abs)        10010
__Hstack                          stack        00000
__Hstrings                        strings      00000
__Hstringtext1                    stringtext1  00000
__Hstringtext2                    stringtext2  00000
__Hstringtext3                    stringtext3  00000
__Hstringtext4                    stringtext4  00000
__Hstringtext5                    stringtext5  00000
__Hstringtext6                    stringtext6  00000
__Hstringtext7                    stringtext7  00000
__Htext                           text         00000
__L__absolute__                   __absolute__ 00000
__Labs1                           abs1         00000
__Lbank0                          bank0        00000
__Lbank1                          bank1        00000
__Lbank10                         bank10       00000
__Lbank11                         bank11       00000
__Lbank12                         bank12       00000
__Lbank13                         bank13       00000
__Lbank14                         bank14       00000
__Lbank15                         bank15       00000
__Lbank16                         bank16       00000
__Lbank17                         bank17       00000
__Lbank18                         bank18       00000
__Lbank19                         bank19       00000
__Lbank2                          bank2        00000
__Lbank20                         bank20       00000
__Lbank21                         bank21       00000
__Lbank22                         bank22       00000
__Lbank23                         bank23       00000
__Lbank24                         bank24       00000
__Lbank25                         bank25       00000
__Lbank26                         bank26       00000
__Lbank27                         bank27       00000
__Lbank28                         bank28       00000
__Lbank29                         bank29       00000
__Lbank3                          bank3        00000
__Lbank30                         bank30       00000
__Lbank31                         bank31       00000
__Lbank4                          bank4        00000
__Lbank5                          bank5        00000
__Lbank6                          bank6        00000
__Lbank7                          bank7        00000
__Lbank8                          bank8        00000
__Lbank9                          bank9        00000
__Lbigram                         bigram       00000
__LbssBANK0                       bssBANK0     00000
__LbssCOMMON                      bssCOMMON    00000
__Lcinit                          cinit        00012
__Lclrtext                        clrtext      00000
__Lcode                           code         00000
__Lcommon                         common       00000
__Lconfig                         config       00000
__LcstackBANK0                    cstackBANK0  00000
__LcstackCOMMON                   cstackCOMMON 00000
__LdataBANK0                      dataBANK0    00000
__Leeprom_data                    eeprom_data  00000
__Lend_init                       end_init     00010
__Lfunctab                        functab      00000
__Lheap                           heap         00000
__LidataBANK0                     idataBANK0   00000
__Linit                           init         00010
__Lintentry                       intentry     00004
__Lmaintext                       maintext     00000
__Lpowerup                        powerup      00000
__Lram                            ram          00000
__Lreset_vec                      reset_vec    00000
__Lsfr0                           sfr0         00000
__Lsfr1                           sfr1         00000
__Lsfr10                          sfr10        00000
__Lsfr11                          sfr11        00000
__Lsfr12                          sfr12        00000
__Lsfr13                          sfr13        00000
__Lsfr14                          sfr14        00000
__Lsfr15                          sfr15        00000
__Lsfr16                          sfr16        00000
__Lsfr17                          sfr17        00000
__Lsfr18                          sfr18        00000
__Lsfr19                          sfr19        00000
__Lsfr2                           sfr2         00000
__Lsfr20                          sfr20        00000
__Lsfr21                          sfr21        00000
__Lsfr22                          sfr22        00000
__Lsfr23                          sfr23        00000
__Lsfr24                          sfr24        00000
__Lsfr25                          sfr25        00000
__Lsfr26                          sfr26        00000
__Lsfr27                          sfr27        00000
__Lsfr28                          sfr28        00000
__Lsfr29                          sfr29        00000
__Lsfr3                           sfr3         00000
__Lsfr30                          sfr30        00000
__Lsfr31                          sfr31        00000
__Lsfr4                           sfr4         00000
__Lsfr5                           sfr5         00000
__Lsfr6                           sfr6         00000
__Lsfr7                           sfr7         00000
__Lsfr8                           sfr8         00000
__Lsfr9                           sfr9         00000
__Lsivt                           sivt         00010
__Lspace_0                        (abs)        00000
__Lspace_1                        (abs)        00000
__Lspace_2                        (abs)        00000
__Lspace_3                        (abs)        00000
__Lspace_4                        (abs)        00000
__Lstack                          stack        00000
__Lstrings                        strings      00000
__Lstringtext1                    stringtext1  00000
__Lstringtext2                    stringtext2  00000
__Lstringtext3                    stringtext3  00000
__Lstringtext4                    stringtext4  00000
__Lstringtext5                    stringtext5  00000
__Lstringtext6                    stringtext6  00000
__Lstringtext7                    stringtext7  00000
__Ltext                           text         00000
__S0                              (abs)        00782
__S1                              (abs)        0007E
___bmul                           text6        006CC
___bmul@multiplicand              cstackBANK0  0006A
___bmul@multiplier                cstackBANK0  0006C
___bmul@product                   cstackBANK0  0006B
___heap_hi                        (abs)        00000
___heap_lo                        (abs)        00000
___int_sp                         stack        00000
___int_stack_hi                   stack        00000
___int_stack_lo                   stack        00000
___latbits                        (abs)        00002
___sp                             stack        00000
___stack_hi                       stack        00000
___stack_lo                       stack        00000
___stackhi                        (abs)        00000
___stacklo                        (abs)        00000
__end_of_BusReset                 text31       0069F
__end_of_CheckUsb                 text4        00728
__end_of_ConfigurationDescriptor  stringtext4  00617
__end_of_DeviceDescriptor         stringtext6  00705
__end_of_EnableInterrupts         text13       00758
__end_of_EnableUSBModule          text12       006CC
__end_of_GetDescriptor            text27       00423
__end_of_GetStatus                text26       003C5
__end_of_HIDInitEndpoints         text24       0022E
__end_of_HIDReport                stringtext2  00557
__end_of_HIDSend                  text3        004CA
__end_of_ISRCode                  intentry     00010
__end_of_InDataStage              text29       00301
__end_of_InitializeSystem         text11       00684
__end_of_InitializeUSB            text9        00738
__end_of_IsUsbDataAvaialble       text8        00663
__end_of_OutDataStage             text30       005C4
__end_of_PrepareTxBuffer          text2        00640
__end_of_ProcessControlTransfer   text20       00363
__end_of_ProcessHIDRequest        text28       000BD
__end_of_ProcessIO                text1        00596
__end_of_ProcessIncommingData     text7        00782
__end_of_ProcessStandardRequest   text22       00140
__end_of_ProcessUSBTransactions   text15       001C0
__end_of_ReArmInterface           text5        00518
__end_of_ResetPPBuffers           text10       0077E
__end_of_SetFeature               text23       0029B
__end_of_SetupStage               text21       0047B
__end_of_Stall                    text19       00744
__end_of_StartOfFrame             text18       00781
__end_of_StringDescriptor0        stringtext7  0077A
__end_of_StringDescriptor1        stringtext5  006B7
__end_of_StringDescriptor2        stringtext3  005EE
__end_of_StringDescriptorPointers stringtext1  00764
__end_of_Suspend                  text17       00776
__end_of_UnSuspend                text16       00770
__end_of_WaitForSetupStage        text32       00750
__end_of___bmul                   text6        006E0
__end_of__initialization          cinit        0002B
__end_of_main                     maintext     00717
__end_ofi1___bmul                 text25       006F3
__initialization                  cinit        00012
__pbssBANK0                       bssBANK0     00030
__pbssCOMMON                      bssCOMMON    0007D
__pcstackBANK0                    cstackBANK0  0006A
__pcstackCOMMON                   cstackCOMMON 00070
__pdataBANK0                      dataBANK0    00064
__pidataBANK0                     idataBANK0   00758
__pintentry                       intentry     00004
__pmaintext                       maintext     00705
__pstringtext1                    stringtext1  0075E
__pstringtext2                    stringtext2  00518
__pstringtext3                    stringtext3  005C4
__pstringtext4                    stringtext4  005EE
__pstringtext5                    stringtext5  0069F
__pstringtext6                    stringtext6  006F3
__pstringtext7                    stringtext7  00776
__ptext1                          text1        00557
__ptext10                         text10       0077A
__ptext11                         text11       00663
__ptext12                         text12       006B7
__ptext13                         text13       00750
__ptext15                         text15       00140
__ptext16                         text16       0076A
__ptext17                         text17       00770
__ptext18                         text18       0077E
__ptext19                         text19       00738
__ptext2                          text2        00617
__ptext20                         text20       00301
__ptext21                         text21       00423
__ptext22                         text22       000BD
__ptext23                         text23       0022E
__ptext24                         text24       001C0
__ptext25                         text25       006E0
__ptext26                         text26       00363
__ptext27                         text27       003C5
__ptext28                         text28       0002F
__ptext29                         text29       0029B
__ptext3                          text3        0047B
__ptext30                         text30       00596
__ptext31                         text31       00684
__ptext32                         text32       00744
__ptext4                          text4        00717
__ptext5                          text5        004CA
__ptext6                          text6        006CC
__ptext7                          text7        00781
__ptext8                          text8        00640
__ptext9                          text9        00728
_inPtr                            bssBANK0     00035
_main                             maintext     00705
_outPtr                           bssBANK0     00036
_transferType                     bssBANK0     00034
_wCount                           bssBANK0     00030
btemp                             (abs)        0007E
clear_ram0                        clrtext      00764
end_of_initialization             cinit        0002B
i1___bmul                         text25       006E0
i1___bmul@multiplicand            cstackCOMMON 00070
i1___bmul@multiplier              cstackCOMMON 00072
i1___bmul@product                 cstackCOMMON 00071
int$flags                         (abs)        0007E
intlevel0                         functab      00000
intlevel1                         functab      00000
intlevel2                         functab      00000
intlevel3                         functab      00000
intlevel4                         functab      00000
intlevel5                         functab      00000
reset_vec                         reset_vec    00000
start                             init         00010
start_initialization              cinit        00012
wtemp0                            (abs)        0007E


MODULE INFORMATION

Module		Function		Class		Link	Load	Size
Usb.c
		_GetDescriptor 		CODE           	03C5	0000	94
		_Suspend       		CODE           	0770	0000	6
		_EnableUSBModule		CODE           	06B7	0000	21
		_ProcessHIDRequest		CODE           	002F	0000	142
		_GetStatus     		CODE           	0363	0000	98
		_IsUsbDataAvaialble		CODE           	0640	0000	35
		_WaitForSetupStage		CODE           	0744	0000	12
		_HIDSend       		CODE           	047B	0000	79
		_Stall         		CODE           	0738	0000	12
		_ReArmInterface		CODE           	04CA	0000	78
		_InitializeUSB 		CODE           	0728	0000	16
		_ProcessControlTransfer		CODE           	0301	0000	98
		_ResetPPBuffers		CODE           	077A	0000	4
		_ProcessStandardRequest		CODE           	00BD	0000	131
		_OutDataStage  		CODE           	0596	0000	46
		_HIDInitEndpoints		CODE           	01C0	0000	110
		_SetFeature    		CODE           	022E	0000	109
		_BusReset      		CODE           	0684	0000	27
		_UnSuspend     		CODE           	076A	0000	6
		_StartOfFrame  		CODE           	077E	0000	3
		_SetupStage    		CODE           	0423	0000	88
		_ProcessUSBTransactions		CODE           	0140	0000	128
		_InDataStage   		CODE           	029B	0000	102

Usb.c estimated size: 1445

/opt/microchip/xc8/v3.00/pic/sources/c99/common/Umul8.c
		___bmul        		CODE           	06CC	0000	20

/opt/microchip/xc8/v3.00/pic/sources/c99/common/Umul8.c estimated size: 20

shared
		_ConfigurationDescriptor		STRCODE        	05EE	0000	41
		_StringDescriptorPointers		STRCODE        	075E	0000	6
		_StringDescriptor0		STRCODE        	0776	0000	4
		_StringDescriptor1		STRCODE        	069F	0000	24
		_StringDescriptor2		STRCODE        	05C4	0000	42
		__initialization		CODE           	0012	0000	25
		_HIDReport     		STRCODE        	0518	0000	63
		i1___bmul      		CODE           	06E0	0000	19
		_DeviceDescriptor		STRCODE        	06F3	0000	18

shared estimated size: 242

main.c
		_main          		CODE           	0705	0000	18
		_PrepareTxBuffer		CODE           	0617	0000	41
		_EnableInterrupts		CODE           	0750	0000	8
		_InitializeSystem		CODE           	0663	0000	33
		_CheckUsb      		CODE           	0717	0000	17
		_ProcessIO     		CODE           	0557	0000	63
		_ISRCode       		CODE           	0004	0000	12
		_ProcessIncommingData		CODE           	0781	0000	1

main.c estimated size: 193

